

Working Directory = /home/redhat315bd/physical_design_nipun/Physical_design
QoS Summary for fplns_FP32
================================================================================
Metric                          fplns_FP32_syn_generic fplns_FP32_syn_map
================================================================================
Slack (ps):                      -425            -246
  R2R (ps):                  no_value        no_value
  I2R (ps):                  no_value        no_value
  R2O (ps):                  no_value        no_value
  I2O (ps):                      -425            -246
  CG  (ps):                  no_value        no_value
TNS (ps):                     -13,181          -7,598
  R2R (ps):                  no_value        no_value
  I2R (ps):                  no_value        no_value
  R2O (ps):                  no_value        no_value
  I2O (ps):                   -13,181          -7,598
  CG  (ps):                  no_value        no_value
Failing Paths:                     31              31
Cell Area:                      2,312           1,028
Total Cell Area:                2,312           1,028
Leaf Instances:                   866             605
Total Instances:                  866             605
Utilization (%):                 0.00            0.00
Tot. Net Length (um):        no_value        no_value
Avg. Net Length (um):        no_value        no_value
Route Overflow H (%):        no_value        no_value
Route Overflow V (%):        no_value        no_value
MBCI(%) (bits/gate) :            0.00            0.00
Norm Cong Hotspot Area:
  Max Cong:                  no_value        no_value
  Tot Cong:                  no_value        no_value
================================================================================
CPU  Runtime (h:m:s):        00:30:10        00:30:05
Real Runtime (h:m:s):        00:30:11        00:30:04
CPU  Elapsed (h:m:s):        00:30:12        00:30:17
Real Elapsed (h:m:s):        00:30:12        00:30:16
Memory (MB):                  1658.42         1649.90
================================================================================
================================================================================
Flow Settings:
================================================================================
Total Runtime (h:m:s): 00:30:15
Total Memory (MB):     1657.91
Executable Version:    21.10-p002_1
================================================================================
Total Cell Area =  Cell Area + Physical Cell Area
Total Instances =  Leaf Instances + Physical Instances


