

Working Directory = /home/redhat315bd/physical_design_nipun/Physical_design
QoS Summary for fixed_point_mul_p_2_L0
================================================================================
Metric                          fixed_point_mul_p_2_L0_syn_generic fixed_point_mul_p_2_L0_syn_map fixed_point_mul_p_2_L0_syn_opt
================================================================================
Slack (ps):                         5               3               0
  R2R (ps):                         5              27               0
  I2R (ps):                       181               3               0
  R2O (ps):                       164              17               1
  I2O (ps):                  no_value        no_value        no_value
  CG  (ps):                  no_value        no_value        no_value
TNS (ps):                           0               0               0
  R2R (ps):                         0               0               0
  I2R (ps):                         0               0               0
  R2O (ps):                         0               0               0
  I2O (ps):                  no_value        no_value        no_value
  CG  (ps):                  no_value        no_value        no_value
Failing Paths:                      0               0               0
Cell Area:                      5,481           2,467           2,171
Total Cell Area:                5,481           2,467           2,171
Leaf Instances:                 1,878             897             804
Total Instances:                1,878             897             804
Utilization (%):                 0.00            0.00            0.00
Tot. Net Length (um):        no_value        no_value        no_value
Avg. Net Length (um):        no_value        no_value        no_value
Route Overflow H (%):        no_value        no_value        no_value
Route Overflow V (%):        no_value        no_value        no_value
MBCI(%) (bits/gate) :            0.00            0.00            0.00
Norm Cong Hotspot Area:
  Max Cong:                  no_value        no_value        no_value
  Tot Cong:                  no_value        no_value        no_value
================================================================================
CPU  Runtime (h:m:s):        00:30:15        00:30:08        00:30:02
Real Runtime (h:m:s):        00:30:16        00:30:06        00:30:02
CPU  Elapsed (h:m:s):        00:30:17        00:30:25        00:30:27
Real Elapsed (h:m:s):        00:30:17        00:30:23        00:30:25
Memory (MB):                  1643.28         1613.39         1622.23
================================================================================
================================================================================
Flow Settings:
================================================================================
Total Runtime (h:m:s): 00:30:24
Total Memory (MB):     1622.23
Executable Version:    21.10-p002_1
================================================================================
Total Cell Area =  Cell Area + Physical Cell Area
Total Instances =  Leaf Instances + Physical Instances


